// Jest Snapshot v1, https://goo.gl/fbAQLP

exports[`Index Page renders correctly when browser does not have a wallet 1`] = `
<div>
  <div
    class="nav-bar"
  >
    <div
      class="sm:mx-auto flex flex-wrap"
    >
      <nav
        class="container hidden md:inline-flex justify-between px-6 md:px-9 lg:px-16 flex items-center py-2 pt-6"
      >
        <div
          class="py-4"
        >
          <a
            href="/"
          >
            <img
              alt="Tableland"
              class="h-5"
              src="~assets/img/logo-black.svg"
            />
          </a>
        </div>
         
        <div
          class="py-4"
        >
          <ul
            class="flex justify-end items-center gap-x-3 sm:gap-x-6 md:gap-x-10 lg:gap-x-12 uppercase ml-3"
          >
            <li>
              <a
                href="https://discord.gg/dc8EBEhGbg"
                target="_blank"
              >
                
              Discord
            
              </a>
            </li>
            <li>
              <a
                href="https://mirror.xyz/tableland.eth"
                target="_blank"
              >
                
              Blog
            
              </a>
            </li>
            <li>
              <a
                href="https://docs.tableland.xyz"
                target="_blank"
              >
                
              Docs
            
              </a>
            </li>
            <li>
              <a
                class="btn bg-black text-white"
                href="/rigs"
                target=""
              >
                
              Rigs
            
              </a>
            </li>
          </ul>
        </div>
      </nav>
       
      <div
        class="py-12 px-6 md:hidden logo"
      >
        <a
          href="/"
        >
          <img
            alt="Tableland"
            class="h-4"
            src="~assets/img/logo-black.svg"
          />
        </a>
      </div>
       
      <button
        class="ml-auto md:hidden p-6"
      >
        
      MENU
    
      </button>
    </div>
     
    <transition-stub
      name="mobile"
    >
      <nav
        class="w-full mobile-nav"
        style="display: none;"
      >
        <ul
          class="flex flex-col text-center"
        >
          <li>
            <a
              class="p-6 block text-l"
              href="https://discord.gg/dc8EBEhGbg"
              target="_blank"
            >
              
            Discord
          
            </a>
          </li>
          <li>
            <a
              class="p-6 block text-l"
              href="https://mirror.xyz/tableland.eth"
              target="_blank"
            >
              
            Blog
          
            </a>
          </li>
          <li>
            <a
              class="p-6 block text-l"
              href="https://docs.tableland.xyz"
              target="_blank"
            >
              
            Docs
          
            </a>
          </li>
          <li>
            <a
              class="p-6 block text-l"
              href="/rigs"
              target=""
            >
              
            Rigs
          
            </a>
          </li>
        </ul>
      </nav>
    </transition-stub>
  </div>
   
  <header
    class="bg-navbar hidden sm:inline-block"
    data-aos="fade-down"
    data-aos-anchor=".garage"
    data-aos-offset="0"
  >
    <nav
      class="container px-6 md:px-9 lg:px-16 flex items-center py-2"
    >
      <div
        class="py-4 logo"
      >
        <a
          href="/"
        >
          <img
            alt="Tableland"
            class="lg:h-5 h-4"
            src="~assets/img/logo-black.svg"
          />
        </a>
      </div>
       
      <ul
        class="flex flex-1 justify-end items-center gap-x-3 sm:gap-x-6 md:gap-x-10 lg:gap-x-12 uppercase ml-3"
      >
        <li>
          <a
            href="https://discord.gg/dc8EBEhGbg"
            target="_blank"
          >
            
          Discord
        
          </a>
        </li>
        <li>
          <a
            href="https://mirror.xyz/tableland.eth"
            target="_blank"
          >
            
          Blog
        
          </a>
        </li>
        <li>
          <a
            href="https://docs.tableland.xyz"
            target="_blank"
          >
            
          Docs
        
          </a>
        </li>
        <li>
          <a
            class="btn bg-black text-white"
            href="/rigs"
            target=""
          >
            
          Rigs
        
          </a>
        </li>
      </ul>
    </nav>
  </header>
   
  <section
    class="hero"
  >
    <div
      class="container"
    >
      <div
        class="px-6 md:px-9 lg:px-16 flex items-center pt-36 md:pt-48 mb-4 sm:mb-48"
      >
        <div
          class="lg:w-2/3"
        >
          <h1
            class="font-Orbitron text-5xl md:text-6xl xl:text-7xl leading-tighter mb-4 lg:mb-10"
            data-aos="fade-up"
          >
            
            Build web3 with 
            <span
              class="font-black"
            >
              SQL
            </span>
          </h1>
           
          <p
            class="text-xl md:text-3xl leading-normal md:leading-normal font-light mb-10 lg:mb-18"
            data-aos="fade-up"
          >
            
            Tableland is a permissionless relational database for web3
            natives. Built for developers, NFT creators, and web3 visionaries.
          
          </p>
           
          <div
            class="hero-btn hidden md:inline-block text-center md:text-left"
            data-aos="fade-up"
          >
            <a
              class="btn bg-black text-white"
              href="https://docs.tableland.xyz"
            >
              <span
                class="flex"
              >
                Get started 
                <img
                  alt=""
                  class="hidden sm:inline-block ml-4"
                  src="~assets/img/arrow_white.png"
                  srcset="
        ~assets/img/arrow_white.png    1x,
        ~assets/img/arrow_white@2x.png 2x
      "
                />
              </span>
            </a>
          </div>
           
          <p
            class="hidden text-2xl md:text-3xl lg:text-4.25xl leading-snug md:leading-snug font-medium"
            data-aos="fade-up"
          >
            
            Use familiar SQL tables to read and write NFT metadata or
            application data governed by immutable rules–all orchestrated by
            token networks like Ethereum.
          
          </p>
        </div>
      </div>
       
      <div
        class="px-6 md:px-9 lg:px-16 flex"
      >
        <div
          class="w-full lg:w-1/2"
        >
          <h1
            class="font-Orbitron text-4xl md:text-5xl leading-tighter mb-4 lg:mb-10 choose"
            data-aos="fade-up"
          >
            
            Grab your 
            <span
              class="font-black"
            >
              Rig
            </span>
          </h1>
           
          <a
            href="/rigs"
          >
            <img
              class="rounded-lg"
              data-aos="fade-up"
              height="150px"
              src="~assets/img/main_rigs.png"
            />
          </a>
        </div>
      </div>
       
      <div
        class="px-6 md:px-9 lg:px-16 flex"
      >
        <div
          class="xl:w-1/2 w-full py-12"
        >
          <p
            class="hidden sm:block text-xl md:text-2xl leading-normal md:leading-normal font-light mb-10 lg:mb-18"
            data-aos="fade-up"
          >
            
            NFTs can be a building block to unite technological communities.
            Well-crafted NFTs can link technology, art, community, and
            incentives in ways unlike any previous innovation. Rigs are where
            we will experiment and demonstrate what is possible.
          
          </p>
           
          <div
            class="text-center md:text-left"
            data-aos="fade-up"
          >
            <a
              class="btn bg-black text-white"
              href="/rigs"
            >
              <span
                class="flex"
              >
                Learn more 
                <img
                  alt=""
                  class="hidden sm:inline-block ml-4"
                  src="~assets/img/arrow_white.png"
                  srcset="
        ~assets/img/arrow_white.png    1x,
        ~assets/img/arrow_white@2x.png 2x
      "
                />
              </span>
            </a>
          </div>
        </div>
      </div>
    </div>
  </section>
   
  <section
    class="garage"
  >
    <div
      class="container px-6 md:px-9 lg:px-16 flex items-center"
    >
      <div
        class="lg:w-2/3"
      >
        <h3
          class="font-Orbitron text-white text-4xl md:text-5xl lg:text-6xl leading-tighter mb-10 md:mb-4 lg:mb-10"
          data-aos="fade-up"
        >
          
          Welcome to Tableland
        
        </h3>
         
        <p
          class="text-white text-xl md:text-2xl lg:text-3xl leading-normal md:leading-normal lg:leading-normal font-light mb-2"
          data-aos="fade-up"
        >
          
          1&gt; Use tables to store mutable NFT metadata governed by immutable
          rules.
        
        </p>
         
        <p
          class="text-white text-xl md:text-2xl lg:text-3xl leading-normal md:leading-normal lg:leading-normal font-light mb-2"
          data-aos="fade-up"
        >
          
          2&gt; Use tables to attach in-app or in-game metadata to existing NFTs.
        
        </p>
         
        <p
          class="text-white text-xl md:text-2xl lg:text-3xl leading-normal md:leading-normal lg:leading-normal font-light mb-2"
          data-aos="fade-up"
        >
          
          3&gt; Control table write access with token or address-based rules.
        
        </p>
         
        <p
          class="text-white text-xl md:text-2xl lg:text-3xl leading-normal md:leading-normal lg:leading-normal font-light mb-10 lg:mb-18"
          data-aos="fade-up"
        >
          
          4&gt; Use tables to build fully decentralized apps and games that
          require complex relational data models.
        
        </p>
         
        <div
          class="text-center md:text-left"
          data-aos="fade-up"
        >
          <a
            class="btn bg-black text-white"
            href="https://docs.tableland.xyz/playbooks"
          >
            <span
              class="flex"
            >
              See playbooks 
              <img
                alt=""
                class="hidden sm:inline-block ml-4"
                src="~assets/img/arrow_white.png"
                srcset="
        ~assets/img/arrow_white.png    1x,
        ~assets/img/arrow_white@2x.png 2x
      "
              />
            </span>
          </a>
        </div>
      </div>
    </div>
  </section>
   
  <section
    class="sql"
  >
    <div
      class="garage-break"
    />
     
    <div
      class="container px-6 md:px-9 lg:px-16 flex pt-10 xl:pt-14"
    >
      <div
        class="lg:w-2/3 xl:w-1/2"
      >
        <h3
          class="font-Orbitron text-4xl md:text-5xl lg:text-6xl leading-tighter mb-4 lg:mb-10"
        >
          
          In Tableland, we speak SQL
        
        </h3>
         
        <p
          class="text-xl md:text-3xl leading-normal md:leading-normal font-light mb-2"
        >
          
          1&gt; The bulk of digital information is stored in relational tables.
        
        </p>
         
        <p
          class="text-xl md:text-3xl leading-normal md:leading-normal font-light mb-2"
        >
          
          2&gt; Your familiar SQL tables are stored on a decentralized network of
          validators and anchored to an EVM layer of your choice as
          transferable NFTs, providing ownership and access control.
        
        </p>
         
        <p
          class="text-xl md:text-3xl leading-normal md:leading-normal font-light"
        >
          
          3&gt; Easy as pie, right?
        
        </p>
      </div>
    </div>
  </section>
   
  <div
    class="console bg-gradient bg-gradient-to-b from-violet to-pink"
    id="playground"
  >
    <section
      class="playground text-white pt-6 md:pt-32 pb-32"
    >
      <div
        class="container px-6 md:px-9 lg:px-16 flex justify-center"
      >
        <div
          class="md:w-2/3"
        >
          <h3
            class="font-Orbitron text-4xl md:text-5xl lg:text-6xl leading-tighter mb-4 lg:mb-10"
            data-aos="fade-up"
          >
            
            Try it out
          
          </h3>
           
          <!---->
           
          <p
            class="text-xl md:text-3xl leading-normal md:leading-normal font-light mb-4 lg:mb-6"
            data-aos="fade-up"
          >
            
            Uh oh! You need a browser wallet. Go install
            
            <a
              class="underline"
              href="https://metamask.io/"
              target="_blank"
            >
              Metamask
            </a>
            
            or use a browser with a built-in wallet like
            
            <a
              class="underline"
              href="https://brave.com/"
              target="_blank"
            >
              Brave
            </a>
            .
          
          </p>
           
          <div>
            <!---->
             
            <div
              class="playground-component relative"
            >
              <div
                class="absolute overlay-disable top-0 bottom-0 left-0 right-0 z-50 rounded-3xl cursor-not-allowed"
              />
               
              <div
                class="w-full pt-6 flex items-center flex-col rounded-3xl border-2px-black bg-black overflow-hidden"
              >
                <div
                  class="w-full block"
                >
                  <form
                    class="web-terminal-form relative block w-full text-white font-mono"
                  >
                    <input
                      autocomplete="off"
                      class="pl-8 pr-5 bg-black web-terminal-input block w-full text-white font-mono outline-none"
                      disabled="disabled"
                      type="text"
                    />
                  </form>
                   
                  <div
                    class="web-terminal p-5 overflow-y-scroll text-white"
                  >
                    <span>
                      
            Available commands:
            
                      <br />
                       
                      <!---->
                    </span>
                    <span>
                      
                connect   Connect to tableland with Metamask. You must
            
                      <br />
                       
                      <!---->
                    </span>
                    <span>
                      
                          do this before any other commands can be run.
            
                      <br />
                       
                      <!---->
                    </span>
                    <span>
                      
                list      List your tables
            
                      <br />
                       
                      <!---->
                    </span>
                    <span>
                      
                clear     Clear this terminal
            
                      <br />
                       
                      <!---->
                    </span>
                    <span>
                      
                whoami    See your Eth Address
            
                      <br />
                       
                      <!---->
                    </span>
                    <span>
                      
                docs      Show url to the documentation
            
                      <br />
                       
                      <!---->
                    </span>
                    <span>
                      
                help      Show this message again
            
                      <br />
                       
                      <!---->
                    </span>
                    <span>
                      
            
            
                      <br />
                       
                      <!---->
                    </span>
                    <span>
                      
            Example Read Queries:
            
                      <br />
                       
                      <!---->
                    </span>
                    <span>
                      
                SELECT * FROM mytable_5_30;
            
                      <br />
                       
                      <!---->
                    </span>
                    <span>
                      
                SELECT * FROM mytable_5_30 WHERE id = 0;
            
                      <br />
                       
                      <!---->
                    </span>
                    <span>
                      
            Example Create and Write Queries:
            
                      <br />
                       
                      <!---->
                    </span>
                    <span>
                      
                CREATE TABLE trees (climate TEXT, name TEXT);
            
                      <br />
                       
                      <!---->
                    </span>
                    <span>
                      
                INSERT INTO trees_5_&lt;tableId&gt; (climate, name) VALUES ('cold', 'aspen');
            
                      <br />
                       
                      <!---->
                    </span>
                  </div>
                </div>
              </div>
            </div>
          </div>
        </div>
      </div>
    </section>
  </div>
   
  <section
    class="community relative"
  >
    <div
      class="container px-6 md:px-9 lg:px-16"
    >
      <div
        class="community-top pt-32"
      >
        <div
          class="md:w-2/3 xl:w-1/2"
        >
          <h3
            class="font-Orbitron text-4xl md:text-5xl lg:text-6xl leading-tighter mb-4 lg:mb-10"
            data-aos="fade-up"
          >
            
            Join the community
          
          </h3>
           
          <p
            class="text-xl md:text-3xl leading-normal md:leading-normal font-light mb-10 lg:mb-18"
            data-aos="fade-up"
          >
            
            Whether you're a developer, NFT creator, token holder, or just
            curious about web3, there's a place for you in Tableland. Join a
            fast-growing community of innovators from all over the world.
          
          </p>
           
          <div
            class="text-center md:text-left mt-5"
            data-aos="fade-up"
          >
            <a
              class="btn bg-black text-white"
              href="https://discord.gg/dc8EBEhGbg"
            >
              <span
                class="flex"
              >
                Join us on Discord 
                <img
                  alt=""
                  class="hidden sm:inline-block ml-4"
                  src="~assets/img/arrow_white.png"
                  srcset="
        ~assets/img/arrow_white.png    1x,
        ~assets/img/arrow_white@2x.png 2x
      "
                />
              </span>
            </a>
          </div>
        </div>
      </div>
       
      <div
        class="community-bottom md:flex justify-center lg:justify-end text-white"
      >
        <div>
          <h3
            class="font-Orbitron text-4xl md:text-5xl lg:text-6xl leading-tighter md:leading-tighter lg:leading-tighter mb-4 lg:mb-10"
            data-aos="fade-up"
          >
            
            User-owned token networks are the future of the internet
          
          </h3>
           
          <p
            class="text-xl md:text-3xl leading-normal md:leading-normal font-light"
            data-aos="fade-up"
          >
            
            Web3 needs a relational and queryable metadata layer. Tableland is
            a decentralized user-owned network for structured metadata—data
            from apps, games, social, analytics, AI/ML, or whatever else you
            can imagine. Tableland tables are also NFTs, making them own-able,
            tradable, and composable assets themselves.
          
          </p>
        </div>
      </div>
    </div>
     
    <div
      class="community-break"
    />
  </section>
   
  <section
    class="md:block showcase py-12 md:py-32 relative landing"
  >
    <div
      class="showcase-break"
    />
     
    <div
      class="container"
    >
      <div
        class="text-center"
      >
        <p
          class="font-Orbitron text-blue text-3xl md:text-4xl lg:text-5xl md:leading-normal lg:leading-normal font-light mb-10"
        >
          
        What will you build?
      
        </p>
         
        <a
          class="btn bg-black text-white"
          href="https://docs.tableland.xyz"
        >
          <span
            class="flex"
          >
            Read the docs 
            <img
              alt=""
              class="hidden sm:inline-block ml-4"
              src="~assets/img/arrow_white.png"
              srcset="
        ~assets/img/arrow_white.png    1x,
        ~assets/img/arrow_white@2x.png 2x
      "
            />
          </span>
        </a>
      </div>
    </div>
  </section>
   
  <footer
    class="text-blue py-10 landing"
  >
    <nav
      class="container px-6 md:px-9 lg:px-16 py-2"
    >
      <div
        class="hidden py-4"
      >
        <img
          alt="Tableland"
          class="h-5"
          id="js-scroll"
          src="~assets/img/logo-white.svg"
        />
      </div>
       
      <ul
        class="flex justify-center items-center gap-x-6 md:gap-x-12 xl:gap-x-24 uppercase text-xs"
      >
        <li>
          <a
            href="https://twitter.com/tableland__"
            target="_blank"
          >
            Twitter
          </a>
        </li>
         
        <li>
          <a
            href="https://mirror.xyz/tableland.eth"
            target="_blank"
          >
            Blog
          </a>
        </li>
         
        <li>
          <a
            href="https://dev.tableland.xyz"
            target="_blank"
          >
            Tech Blog
          </a>
        </li>
         
        <li>
          <a
            href="https://docs.tableland.xyz"
            target="_blank"
          >
            Docs
          </a>
        </li>
         
        <li
          class="hidden md:inline-block"
        >
          <a
            href="https://hhueol4i6vp.typeform.com/to/sgtDW2Xt"
            target="_blank"
          >
            Token Info
          </a>
        </li>
         
        <li>
          <a
            href="https://textile.notion.site/Tableland-Privacy-Policy-6fd160e7f485491d9dc4cbab188043d5"
            target="_blank"
          >
            Privacy
          </a>
        </li>
         
        <li>
          <a
            href="https://textile.notion.site/Tableland-Terms-of-Use-cf80f1b550b843ad9d4b8c3140b78e35"
            target="_blank"
          >
            Terms
          </a>
        </li>
      </ul>
    </nav>
  </footer>
</div>
`;

exports[`Index Page renders correctly when browser has a wallet 1`] = `
<div>
  <div
    class="nav-bar"
  >
    <div
      class="sm:mx-auto flex flex-wrap"
    >
      <nav
        class="container hidden md:inline-flex justify-between px-6 md:px-9 lg:px-16 flex items-center py-2 pt-6"
      >
        <div
          class="py-4"
        >
          <a
            href="/"
          >
            <img
              alt="Tableland"
              class="h-5"
              src="~assets/img/logo-black.svg"
            />
          </a>
        </div>
         
        <div
          class="py-4"
        >
          <ul
            class="flex justify-end items-center gap-x-3 sm:gap-x-6 md:gap-x-10 lg:gap-x-12 uppercase ml-3"
          >
            <li>
              <a
                href="https://discord.gg/dc8EBEhGbg"
                target="_blank"
              >
                
              Discord
            
              </a>
            </li>
            <li>
              <a
                href="https://mirror.xyz/tableland.eth"
                target="_blank"
              >
                
              Blog
            
              </a>
            </li>
            <li>
              <a
                href="https://docs.tableland.xyz"
                target="_blank"
              >
                
              Docs
            
              </a>
            </li>
            <li>
              <a
                class="btn bg-black text-white"
                href="/rigs"
                target=""
              >
                
              Rigs
            
              </a>
            </li>
          </ul>
        </div>
      </nav>
       
      <div
        class="py-12 px-6 md:hidden logo"
      >
        <a
          href="/"
        >
          <img
            alt="Tableland"
            class="h-4"
            src="~assets/img/logo-black.svg"
          />
        </a>
      </div>
       
      <button
        class="ml-auto md:hidden p-6"
      >
        
      MENU
    
      </button>
    </div>
     
    <transition-stub
      name="mobile"
    >
      <nav
        class="w-full mobile-nav"
        style="display: none;"
      >
        <ul
          class="flex flex-col text-center"
        >
          <li>
            <a
              class="p-6 block text-l"
              href="https://discord.gg/dc8EBEhGbg"
              target="_blank"
            >
              
            Discord
          
            </a>
          </li>
          <li>
            <a
              class="p-6 block text-l"
              href="https://mirror.xyz/tableland.eth"
              target="_blank"
            >
              
            Blog
          
            </a>
          </li>
          <li>
            <a
              class="p-6 block text-l"
              href="https://docs.tableland.xyz"
              target="_blank"
            >
              
            Docs
          
            </a>
          </li>
          <li>
            <a
              class="p-6 block text-l"
              href="/rigs"
              target=""
            >
              
            Rigs
          
            </a>
          </li>
        </ul>
      </nav>
    </transition-stub>
  </div>
   
  <header
    class="bg-navbar hidden sm:inline-block"
    data-aos="fade-down"
    data-aos-anchor=".garage"
    data-aos-offset="0"
  >
    <nav
      class="container px-6 md:px-9 lg:px-16 flex items-center py-2"
    >
      <div
        class="py-4 logo"
      >
        <a
          href="/"
        >
          <img
            alt="Tableland"
            class="lg:h-5 h-4"
            src="~assets/img/logo-black.svg"
          />
        </a>
      </div>
       
      <ul
        class="flex flex-1 justify-end items-center gap-x-3 sm:gap-x-6 md:gap-x-10 lg:gap-x-12 uppercase ml-3"
      >
        <li>
          <a
            href="https://discord.gg/dc8EBEhGbg"
            target="_blank"
          >
            
          Discord
        
          </a>
        </li>
        <li>
          <a
            href="https://mirror.xyz/tableland.eth"
            target="_blank"
          >
            
          Blog
        
          </a>
        </li>
        <li>
          <a
            href="https://docs.tableland.xyz"
            target="_blank"
          >
            
          Docs
        
          </a>
        </li>
        <li>
          <a
            class="btn bg-black text-white"
            href="/rigs"
            target=""
          >
            
          Rigs
        
          </a>
        </li>
      </ul>
    </nav>
  </header>
   
  <section
    class="hero"
  >
    <div
      class="container"
    >
      <div
        class="px-6 md:px-9 lg:px-16 flex items-center pt-36 md:pt-48 mb-4 sm:mb-48"
      >
        <div
          class="lg:w-2/3"
        >
          <h1
            class="font-Orbitron text-5xl md:text-6xl xl:text-7xl leading-tighter mb-4 lg:mb-10"
            data-aos="fade-up"
          >
            
            Build web3 with 
            <span
              class="font-black"
            >
              SQL
            </span>
          </h1>
           
          <p
            class="text-xl md:text-3xl leading-normal md:leading-normal font-light mb-10 lg:mb-18"
            data-aos="fade-up"
          >
            
            Tableland is a permissionless relational database for web3
            natives. Built for developers, NFT creators, and web3 visionaries.
          
          </p>
           
          <div
            class="hero-btn hidden md:inline-block text-center md:text-left"
            data-aos="fade-up"
          >
            <a
              class="btn bg-black text-white"
              href="https://docs.tableland.xyz"
            >
              <span
                class="flex"
              >
                Get started 
                <img
                  alt=""
                  class="hidden sm:inline-block ml-4"
                  src="~assets/img/arrow_white.png"
                  srcset="
        ~assets/img/arrow_white.png    1x,
        ~assets/img/arrow_white@2x.png 2x
      "
                />
              </span>
            </a>
          </div>
           
          <p
            class="hidden text-2xl md:text-3xl lg:text-4.25xl leading-snug md:leading-snug font-medium"
            data-aos="fade-up"
          >
            
            Use familiar SQL tables to read and write NFT metadata or
            application data governed by immutable rules–all orchestrated by
            token networks like Ethereum.
          
          </p>
        </div>
      </div>
       
      <div
        class="px-6 md:px-9 lg:px-16 flex"
      >
        <div
          class="w-full lg:w-1/2"
        >
          <h1
            class="font-Orbitron text-4xl md:text-5xl leading-tighter mb-4 lg:mb-10 choose"
            data-aos="fade-up"
          >
            
            Grab your 
            <span
              class="font-black"
            >
              Rig
            </span>
          </h1>
           
          <a
            href="/rigs"
          >
            <img
              class="rounded-lg"
              data-aos="fade-up"
              height="150px"
              src="~assets/img/main_rigs.png"
            />
          </a>
        </div>
      </div>
       
      <div
        class="px-6 md:px-9 lg:px-16 flex"
      >
        <div
          class="xl:w-1/2 w-full py-12"
        >
          <p
            class="hidden sm:block text-xl md:text-2xl leading-normal md:leading-normal font-light mb-10 lg:mb-18"
            data-aos="fade-up"
          >
            
            NFTs can be a building block to unite technological communities.
            Well-crafted NFTs can link technology, art, community, and
            incentives in ways unlike any previous innovation. Rigs are where
            we will experiment and demonstrate what is possible.
          
          </p>
           
          <div
            class="text-center md:text-left"
            data-aos="fade-up"
          >
            <a
              class="btn bg-black text-white"
              href="/rigs"
            >
              <span
                class="flex"
              >
                Learn more 
                <img
                  alt=""
                  class="hidden sm:inline-block ml-4"
                  src="~assets/img/arrow_white.png"
                  srcset="
        ~assets/img/arrow_white.png    1x,
        ~assets/img/arrow_white@2x.png 2x
      "
                />
              </span>
            </a>
          </div>
        </div>
      </div>
    </div>
  </section>
   
  <section
    class="garage"
  >
    <div
      class="container px-6 md:px-9 lg:px-16 flex items-center"
    >
      <div
        class="lg:w-2/3"
      >
        <h3
          class="font-Orbitron text-white text-4xl md:text-5xl lg:text-6xl leading-tighter mb-10 md:mb-4 lg:mb-10"
          data-aos="fade-up"
        >
          
          Welcome to Tableland
        
        </h3>
         
        <p
          class="text-white text-xl md:text-2xl lg:text-3xl leading-normal md:leading-normal lg:leading-normal font-light mb-2"
          data-aos="fade-up"
        >
          
          1&gt; Use tables to store mutable NFT metadata governed by immutable
          rules.
        
        </p>
         
        <p
          class="text-white text-xl md:text-2xl lg:text-3xl leading-normal md:leading-normal lg:leading-normal font-light mb-2"
          data-aos="fade-up"
        >
          
          2&gt; Use tables to attach in-app or in-game metadata to existing NFTs.
        
        </p>
         
        <p
          class="text-white text-xl md:text-2xl lg:text-3xl leading-normal md:leading-normal lg:leading-normal font-light mb-2"
          data-aos="fade-up"
        >
          
          3&gt; Control table write access with token or address-based rules.
        
        </p>
         
        <p
          class="text-white text-xl md:text-2xl lg:text-3xl leading-normal md:leading-normal lg:leading-normal font-light mb-10 lg:mb-18"
          data-aos="fade-up"
        >
          
          4&gt; Use tables to build fully decentralized apps and games that
          require complex relational data models.
        
        </p>
         
        <div
          class="text-center md:text-left"
          data-aos="fade-up"
        >
          <a
            class="btn bg-black text-white"
            href="https://docs.tableland.xyz/playbooks"
          >
            <span
              class="flex"
            >
              See playbooks 
              <img
                alt=""
                class="hidden sm:inline-block ml-4"
                src="~assets/img/arrow_white.png"
                srcset="
        ~assets/img/arrow_white.png    1x,
        ~assets/img/arrow_white@2x.png 2x
      "
              />
            </span>
          </a>
        </div>
      </div>
    </div>
  </section>
   
  <section
    class="sql"
  >
    <div
      class="garage-break"
    />
     
    <div
      class="container px-6 md:px-9 lg:px-16 flex pt-10 xl:pt-14"
    >
      <div
        class="lg:w-2/3 xl:w-1/2"
      >
        <h3
          class="font-Orbitron text-4xl md:text-5xl lg:text-6xl leading-tighter mb-4 lg:mb-10"
        >
          
          In Tableland, we speak SQL
        
        </h3>
         
        <p
          class="text-xl md:text-3xl leading-normal md:leading-normal font-light mb-2"
        >
          
          1&gt; The bulk of digital information is stored in relational tables.
        
        </p>
         
        <p
          class="text-xl md:text-3xl leading-normal md:leading-normal font-light mb-2"
        >
          
          2&gt; Your familiar SQL tables are stored on a decentralized network of
          validators and anchored to an EVM layer of your choice as
          transferable NFTs, providing ownership and access control.
        
        </p>
         
        <p
          class="text-xl md:text-3xl leading-normal md:leading-normal font-light"
        >
          
          3&gt; Easy as pie, right?
        
        </p>
      </div>
    </div>
  </section>
   
  <div
    class="console bg-gradient bg-gradient-to-b from-violet to-pink"
    id="playground"
  >
    <section
      class="playground text-white pt-6 md:pt-32 pb-32"
    >
      <div
        class="container px-6 md:px-9 lg:px-16 flex justify-center"
      >
        <div
          class="md:w-2/3"
        >
          <h3
            class="font-Orbitron text-4xl md:text-5xl lg:text-6xl leading-tighter mb-4 lg:mb-10"
            data-aos="fade-up"
          >
            
            Try it out
          
          </h3>
           
          <!---->
           
          <p
            class="text-xl md:text-3xl leading-normal md:leading-normal font-light mb-4 lg:mb-6"
            data-aos="fade-up"
          >
            
            Uh oh! You need a browser wallet. Go install
            
            <a
              class="underline"
              href="https://metamask.io/"
              target="_blank"
            >
              Metamask
            </a>
            
            or use a browser with a built-in wallet like
            
            <a
              class="underline"
              href="https://brave.com/"
              target="_blank"
            >
              Brave
            </a>
            .
          
          </p>
           
          <div>
            <!---->
             
            <div
              class="playground-component relative"
            >
              <div
                class="absolute overlay-disable top-0 bottom-0 left-0 right-0 z-50 rounded-3xl cursor-not-allowed"
              />
               
              <div
                class="w-full pt-6 flex items-center flex-col rounded-3xl border-2px-black bg-black overflow-hidden"
              >
                <div
                  class="w-full block"
                >
                  <form
                    class="web-terminal-form relative block w-full text-white font-mono"
                  >
                    <input
                      autocomplete="off"
                      class="pl-8 pr-5 bg-black web-terminal-input block w-full text-white font-mono outline-none"
                      disabled="disabled"
                      type="text"
                    />
                  </form>
                   
                  <div
                    class="web-terminal p-5 overflow-y-scroll text-white"
                  >
                    <span>
                      
            Available commands:
            
                      <br />
                       
                      <!---->
                    </span>
                    <span>
                      
                connect   Connect to tableland with Metamask. You must
            
                      <br />
                       
                      <!---->
                    </span>
                    <span>
                      
                          do this before any other commands can be run.
            
                      <br />
                       
                      <!---->
                    </span>
                    <span>
                      
                list      List your tables
            
                      <br />
                       
                      <!---->
                    </span>
                    <span>
                      
                clear     Clear this terminal
            
                      <br />
                       
                      <!---->
                    </span>
                    <span>
                      
                whoami    See your Eth Address
            
                      <br />
                       
                      <!---->
                    </span>
                    <span>
                      
                docs      Show url to the documentation
            
                      <br />
                       
                      <!---->
                    </span>
                    <span>
                      
                help      Show this message again
            
                      <br />
                       
                      <!---->
                    </span>
                    <span>
                      
            
            
                      <br />
                       
                      <!---->
                    </span>
                    <span>
                      
            Example Read Queries:
            
                      <br />
                       
                      <!---->
                    </span>
                    <span>
                      
                SELECT * FROM mytable_5_30;
            
                      <br />
                       
                      <!---->
                    </span>
                    <span>
                      
                SELECT * FROM mytable_5_30 WHERE id = 0;
            
                      <br />
                       
                      <!---->
                    </span>
                    <span>
                      
            Example Create and Write Queries:
            
                      <br />
                       
                      <!---->
                    </span>
                    <span>
                      
                CREATE TABLE trees (climate TEXT, name TEXT);
            
                      <br />
                       
                      <!---->
                    </span>
                    <span>
                      
                INSERT INTO trees_5_&lt;tableId&gt; (climate, name) VALUES ('cold', 'aspen');
            
                      <br />
                       
                      <!---->
                    </span>
                  </div>
                </div>
              </div>
            </div>
          </div>
        </div>
      </div>
    </section>
  </div>
   
  <section
    class="community relative"
  >
    <div
      class="container px-6 md:px-9 lg:px-16"
    >
      <div
        class="community-top pt-32"
      >
        <div
          class="md:w-2/3 xl:w-1/2"
        >
          <h3
            class="font-Orbitron text-4xl md:text-5xl lg:text-6xl leading-tighter mb-4 lg:mb-10"
            data-aos="fade-up"
          >
            
            Join the community
          
          </h3>
           
          <p
            class="text-xl md:text-3xl leading-normal md:leading-normal font-light mb-10 lg:mb-18"
            data-aos="fade-up"
          >
            
            Whether you're a developer, NFT creator, token holder, or just
            curious about web3, there's a place for you in Tableland. Join a
            fast-growing community of innovators from all over the world.
          
          </p>
           
          <div
            class="text-center md:text-left mt-5"
            data-aos="fade-up"
          >
            <a
              class="btn bg-black text-white"
              href="https://discord.gg/dc8EBEhGbg"
            >
              <span
                class="flex"
              >
                Join us on Discord 
                <img
                  alt=""
                  class="hidden sm:inline-block ml-4"
                  src="~assets/img/arrow_white.png"
                  srcset="
        ~assets/img/arrow_white.png    1x,
        ~assets/img/arrow_white@2x.png 2x
      "
                />
              </span>
            </a>
          </div>
        </div>
      </div>
       
      <div
        class="community-bottom md:flex justify-center lg:justify-end text-white"
      >
        <div>
          <h3
            class="font-Orbitron text-4xl md:text-5xl lg:text-6xl leading-tighter md:leading-tighter lg:leading-tighter mb-4 lg:mb-10"
            data-aos="fade-up"
          >
            
            User-owned token networks are the future of the internet
          
          </h3>
           
          <p
            class="text-xl md:text-3xl leading-normal md:leading-normal font-light"
            data-aos="fade-up"
          >
            
            Web3 needs a relational and queryable metadata layer. Tableland is
            a decentralized user-owned network for structured metadata—data
            from apps, games, social, analytics, AI/ML, or whatever else you
            can imagine. Tableland tables are also NFTs, making them own-able,
            tradable, and composable assets themselves.
          
          </p>
        </div>
      </div>
    </div>
     
    <div
      class="community-break"
    />
  </section>
   
  <section
    class="md:block showcase py-12 md:py-32 relative landing"
  >
    <div
      class="showcase-break"
    />
     
    <div
      class="container"
    >
      <div
        class="text-center"
      >
        <p
          class="font-Orbitron text-blue text-3xl md:text-4xl lg:text-5xl md:leading-normal lg:leading-normal font-light mb-10"
        >
          
        What will you build?
      
        </p>
         
        <a
          class="btn bg-black text-white"
          href="https://docs.tableland.xyz"
        >
          <span
            class="flex"
          >
            Read the docs 
            <img
              alt=""
              class="hidden sm:inline-block ml-4"
              src="~assets/img/arrow_white.png"
              srcset="
        ~assets/img/arrow_white.png    1x,
        ~assets/img/arrow_white@2x.png 2x
      "
            />
          </span>
        </a>
      </div>
    </div>
  </section>
   
  <footer
    class="text-blue py-10 landing"
  >
    <nav
      class="container px-6 md:px-9 lg:px-16 py-2"
    >
      <div
        class="hidden py-4"
      >
        <img
          alt="Tableland"
          class="h-5"
          id="js-scroll"
          src="~assets/img/logo-white.svg"
        />
      </div>
       
      <ul
        class="flex justify-center items-center gap-x-6 md:gap-x-12 xl:gap-x-24 uppercase text-xs"
      >
        <li>
          <a
            href="https://twitter.com/tableland__"
            target="_blank"
          >
            Twitter
          </a>
        </li>
         
        <li>
          <a
            href="https://mirror.xyz/tableland.eth"
            target="_blank"
          >
            Blog
          </a>
        </li>
         
        <li>
          <a
            href="https://dev.tableland.xyz"
            target="_blank"
          >
            Tech Blog
          </a>
        </li>
         
        <li>
          <a
            href="https://docs.tableland.xyz"
            target="_blank"
          >
            Docs
          </a>
        </li>
         
        <li
          class="hidden md:inline-block"
        >
          <a
            href="https://hhueol4i6vp.typeform.com/to/sgtDW2Xt"
            target="_blank"
          >
            Token Info
          </a>
        </li>
         
        <li>
          <a
            href="https://textile.notion.site/Tableland-Privacy-Policy-6fd160e7f485491d9dc4cbab188043d5"
            target="_blank"
          >
            Privacy
          </a>
        </li>
         
        <li>
          <a
            href="https://textile.notion.site/Tableland-Terms-of-Use-cf80f1b550b843ad9d4b8c3140b78e35"
            target="_blank"
          >
            Terms
          </a>
        </li>
      </ul>
    </nav>
  </footer>
</div>
`;
