// Jest Snapshot v1, https://goo.gl/fbAQLP

exports[`Index Page renders correctly 1`] = `
<div>
  <desktop
    bereadyforthefuture="BE READY FOR THE FUTURE >> BE READY FOR THE FUTURE >> BE READY FOR THE FUTURE >> BE READY FOR THE FUTURE >>"
    builddappsandnft="Build dApps and NFT games using familiar SQL"
    builtonsql="Tableland is built on SQL, a battle-tested database language known by millions of developers."
    desktopcardsstoryimage1props="[object Object]"
    desktopcardsstoryimage2props="[object Object]"
    desktopcardsstoryimage3props="[object Object]"
    desktopcardsstoryimage4props="[object Object]"
    desktopcardsstraight2props="[object Object]"
    desktopcardsstraight2props2="[object Object]"
    desktopcardsstraight3props="[object Object]"
    desktopcardsstraight4props="[object Object]"
    desktopcardsstraightprops="[object Object]"
    desktopnavbarprops="[object Object]"
    desktoptabgroupprops="[object Object]"
    desktoptablesinglerow22props="[object Object]"
    desktoptablesinglerow23props="[object Object]"
    desktoptablesinglerow24props="[object Object]"
    desktoptablesinglerow25props="[object Object]"
    desktoptablesinglerow26props="[object Object]"
    desktoptablesinglerow27props="[object Object]"
    desktoptablesinglerow28props="[object Object]"
    desktoptablesinglerow29props="[object Object]"
    desktoptablesinglerow2props="[object Object]"
    desktoptablesinglerow3props="[object Object]"
    desktoptablesinglerowprops="[object Object]"
    getafeelforhowe="Get a feel for how easy it is to relate tables on decentralised networks."
    howitworkshowitworks="HOW IT WORKS >> HOW IT WORKS >> HOW IT WORKS >> HOW IT WORKS >> HOW IT WORKS >> HOW IT WORKS >>"
    intablelandwespeaksql="In Tableland, we speak SQL"
    jointhecommunity="Join the community"
    property1regularprops="[object Object]"
    property2regular2props="[object Object]"
    property2regular3props="[object Object]"
    property2regularprops="[object Object]"
    screenshot20211206at12041="../../img/screenshot-2021-12-06-at-12-04-1@2x.png"
    showcaseshowcase="SHOWCASE >> SHOWCASE >> SHOWCASE >> SHOWCASE >> SHOWCASE >> SHOWCASE >> SHOWCASE >> SHOWCASE >>"
    spantext="select"
    spantext2=" * "
    spantext3="from"
    spantext4=" axie_infinitiy_round_2"
    spantext5=" limit"
    spantext6=" 10;"
    stateregular2props="[object Object]"
    stateregular3props="[object Object]"
    stateregular4props="[object Object]"
    stateregular4props2="[object Object]"
    stateregular5props="[object Object]"
    stateregular62props="[object Object]"
    stateregular6props="[object Object]"
    stateregular7props="[object Object]"
    stateregular8props="[object Object]"
    stateregularprops="[object Object]"
    tablelandexiststo="TABLELAND EXISTS TO ENABLE ALL DATA LAYERS OF THE INTERNET TO BE USER-OWNED AND CONTROLLED."
    tablelandextendsto="Tableland extends token networks like Ethereum with metadata. Anyone can create tables of data linked to existing identities and assets. Tableland is a composable meta-layer — it encompasses everything from NFT metadata to media, social, financial, machine learning, and research data, or anything else. Tableland tables are also own-able, tradable, and interoperable assets on their parent networks."
    tablelandisanetwo="Tableland is a network and SQL database protocol for Ethereum. Built for developers, NFT creators, and Web3 visionaries."
    thepossibilitiesareendless="The possibilities are endless"
    tryittryittryit="TRY IT >> TRY IT >> TRY IT >> TRY IT >> TRY IT >> TRY IT >> TRY IT >> TRY IT >> TRY IT >> TRY IT >>"
    untitled11="../../img/untitled-1-1@1x.png"
    untitled32="../../img/untitled-3-2@2x.png"
    untitled33="../../img/untitled-3-3@2x.png"
    untitled41="../../img/untitled-4-1@2x.png"
    untitled51="../../img/untitled-5-1@1x.png"
    untitled81="img/untitled-8-1@1x.png"
    usefamiliarsqltab="Use familiar SQL tables to read and write NFT metadata, media, social data, or anything else—all orchestrated by token networks like Ethereum."
    userownedtokennet="User-owned token networks are the future of the Internet"
    welcometotableland="WELCOME TO TABLELAND >> WELCOME TO TABLELAND >> WELCOME TO TABLELAND >> WELCOME TO TABLELAND >> WELCOME TO TABLELAND >> WELCOME TO TABLELAND >>"
    whatwillyoubuild="What will you build?"
    whetheryoureadev="Whether you're a developer, NFT creator, token holder, or just curious about Web3, there's a place for you in Tableland. Join a fast-growing community of innovators from all over the world."
  />
   
  <mobile
    anewgenerationof="A new generation of SQL-powered Web3 experience is coming, built on existing token-networks like Ethereum."
    anysuggestions="Any suggestions?"
    bereadyforthefuture="BE READY FOR THE FUTURE >> BE READY FOR THE FUTURE >> BE READY FOR THE FUTURE >> BE READY FOR THE FUTURE >> BE READY FOR THE FUTURE >> BE READY FOR THE FUTURE >> BE READY FOR THE FUTURE >> BE READY FOR THE FUTURE >> BE READY FOR THE FUTURE >> BE READY FOR THE FUTURE >>"
    bereadyforthefuture2="BE READY FOR THE FUTURE"
    builddappsandnft="Build dApps and NFT games using familiar SQL"
    buildingappsinthe="Building apps in the future requires relational capabilities (e.g., relating NFTs with corresponding metadata). Smart contracts are incapable of providing this functionality."
    chainexpansion="Chain expansion"
    desktoplistgroup22props="[object Object]"
    desktoplistgroup2props="[object Object]"
    desktoplistgroup2props2="[object Object]"
    desktoplistgroupprops="[object Object]"
    domain="tableland.io"
    ethereumandothern="Ethereum and other networks have brought us world computers with truly composable applications, digital identity, and ownership of digital assets. These identities and assets can be used not only to orchestrate the networks themselves, but to orchestrate and secure all other data on the user-owned Internet. We call this other data the meta-layer and it encompasses everything from NFT metadata to social application data, media, financial data, machine learning data, research data, or whatever else you can imagine."
    explorepossibilities="EXPLORE THE POSSIBILITIES"
    frame662props="[object Object]"
    frame663props="[object Object]"
    frame66props="[object Object]"
    getafeelforhowe="Get a feel for how easy it is to relate tables on decentralised networks."
    group66182props="[object Object]"
    group6618props="[object Object]"
    howitworkshowitworks="HOW IT WORKS >> HOW IT WORKS >> HOW IT WORKS >> HOW IT WORKS >> HOW IT WORKS >> HOW IT WORKS >> HOW IT WORKS >> HOW IT WORKS >> HOW IT WORKS >> HOW IT WORKS >> HOW IT WORKS >>"
    intablelandwespeaksql="In Tableland, we speak SQL"
    meettheworldwidecommunity="Meet the worldwide community"
    mobilecardsstoryimage1props="[object Object]"
    mobilecardsstoryimage2props="[object Object]"
    mobilecardsstoryimage3props="[object Object]"
    mobilecardsstoryimage4props="[object Object]"
    mobilecardsstraight22props="[object Object]"
    mobilecardsstraight23props="[object Object]"
    mobilecardsstraight24props="[object Object]"
    mobilecardsstraight2props="[object Object]"
    mobilecardsstraightprops="[object Object]"
    mobilecardswhiteprops="[object Object]"
    mobilemenuprops1="[object Object]"
    mobilemenuprops2="[object Object]"
    mobilemenuprops3="[object Object]"
    mobilemenuprops4="[object Object]"
    mobiletablesinglerow210props="[object Object]"
    mobiletablesinglerow22props="[object Object]"
    mobiletablesinglerow23props="[object Object]"
    mobiletablesinglerow24props="[object Object]"
    mobiletablesinglerow25props="[object Object]"
    mobiletablesinglerow26props="[object Object]"
    mobiletablesinglerow27props="[object Object]"
    mobiletablesinglerow28props="[object Object]"
    mobiletablesinglerow29props="[object Object]"
    mobiletablesinglerow2props="[object Object]"
    mobiletablesinglerowprops="[object Object]"
    number="2023"
    property1activeprops="[object Object]"
    property1regular22props="[object Object]"
    property1regular23props="[object Object]"
    property1regular2props="[object Object]"
    property2regular2props="[object Object]"
    property2regular3props="[object Object]"
    property2regularprops="[object Object]"
    roadmapnumber2props="[object Object]"
    roadmapnumber3props="[object Object]"
    roadmapnumber4props="[object Object]"
    roadmapnumber5props="[object Object]"
    roadmapnumber6props="[object Object]"
    roadmapnumberprops="[object Object]"
    roadmapphase1="[object Object]"
    roadmapphase2="[object Object]"
    roadmapphase3="[object Object]"
    roadmapphase4="[object Object]"
    roadmapphase5="[object Object]"
    roadmapphase6="[object Object]"
    screenshot20211206at12041="../../img/screenshot-2021-12-06-at-12-04-1@2x.png"
    showcaseshowcase="SHOWCASE >> SHOWCASE >> SHOWCASE >> SHOWCASE >> SHOWCASE >> SHOWCASE >> SHOWCASE >> SHOWCASE >> SHOWCASE >> SHOWCASE >> SHOWCASE >> SHOWCASE >> SHOWCASE >> SHOWCASE >> SHOWCASE >> SHOWCASE >> SHOWCASE >> SHOWCASE >>"
    spantext="select"
    spantext2=" * "
    spantext3="from"
    spantext4=" axie_infinitiy_round_2"
    spantext5="limit"
    spantext6=" 10;"
    stateregular2props="[object Object]"
    stateregular3props="[object Object]"
    stateregular4props="[object Object]"
    stateregular4props2="[object Object]"
    stateregularprops="[object Object]"
    tablelandexiststo="TABLELAND EXISTS TO ENABLE ALL LAYERS OF THE INTERNET TO BE USER-OWNED AND CONTROLLED."
    text1="􀎡"
    text2="􀎡"
    thepossibilitiesareendless="The possibilities are endless"
    time="9:41"
    tryittryittryit="TRY IT >> TRY IT >> TRY IT >> TRY IT >> TRY IT >> TRY IT >> TRY IT >> TRY IT >> TRY IT >> TRY IT >> TRY IT >> TRY IT >> TRY IT >> TRY IT >> TRY IT >> TRY IT >> TRY IT >> TRY IT >> TRY IT >> TRY IT >> TRY IT >>"
    untitled11="../../img/untitled-1-1@2x.png"
    untitled33="img/untitled-3-3@2x.png"
    untitled34="img/untitled-3-4@2x.png"
    untitled41="img/untitled-4-1@2x.png"
    untitled51="../../img/untitled-5-1@2x.png"
    untitled71="../../img/untitled-7-1@2x.png"
    untitled81="img/untitled-8-1@1x.png"
    userownedtokennet="User-owned token networks are the future of the Internet"
    videointroduction="VIDEO INTRODUCTION"
    welcometotableland="WELCOME TO TABLELAND >> WELCOME TO TABLELAND >> WELCOME TO TABLELAND >> WELCOME TO TABLELAND >> WELCOME TO TABLELAND >> WELCOME TO TABLELAND >>"
    whatwillyoubuild="What will you build?"
    whetheryoureadev="Whether you're a developer, NFT creator, token holder, or just curious about Web3, there's a place for you in Tableland. Join a fast-growing community of innovators from all the over the world."
    why="Why?"
  />
</div>
`;
